[0/2] Re-checking globbed directories...
[1/119] Building CXX object CMakeFiles/xrpld.dir/src/test/nodestore/Basics_test.cpp.o
[2/119] Building CXX object CMakeFiles/xrpld.dir/src/test/nodestore/Backend_test.cpp.o
[3/119] Building CXX object CMakeFiles/xrpld.dir/src/test/ledger/PaymentSandbox_test.cpp.o
[4/119] Building CXX object CMakeFiles/xrpld.dir/src/test/nodestore/NuDBFactory_test.cpp.o
[5/119] Building CXX object CMakeFiles/xrpld.dir/src/test/ledger/View_test.cpp.o
[6/119] Building CXX object CMakeFiles/xrpld.dir/src/test/nodestore/varint_test.cpp.o
[7/119] Building CXX object CMakeFiles/xrpld.dir/src/test/overlay/ProtocolVersion_test.cpp.o
[8/119] Building CXX object CMakeFiles/xrpld.dir/src/test/nodestore/Database_test.cpp.o
[9/119] Building CXX object CMakeFiles/xrpld.dir/src/test/nodestore/Timing_test.cpp.o
[10/119] Building CXX object CMakeFiles/xrpld.dir/src/test/nodestore/import_test.cpp.o
[11/119] Building CXX object CMakeFiles/xrpld.dir/src/test/overlay/cluster_test.cpp.o
[12/119] Building CXX object CMakeFiles/xrpld.dir/src/test/overlay/handshake_test.cpp.o
[13/119] Building CXX object CMakeFiles/xrpld.dir/src/test/overlay/TMGetObjectByHash_test.cpp.o
[14/119] Building CXX object CMakeFiles/xrpld.dir/src/test/overlay/compression_test.cpp.o
[15/119] Building CXX object CMakeFiles/xrpld.dir/src/test/overlay/short_read_test.cpp.o
[16/119] Building CXX object CMakeFiles/xrpld.dir/src/test/overlay/traffic_count_test.cpp.o
[17/119] Building CXX object CMakeFiles/xrpld.dir/src/test/overlay/reduce_relay_test.cpp.o
[18/119] Building CXX object CMakeFiles/xrpld.dir/src/test/protocol/ApiVersion_test.cpp.o
[19/119] Building CXX object CMakeFiles/xrpld.dir/src/test/peerfinder/Livecache_test.cpp.o
[20/119] Building CXX object CMakeFiles/xrpld.dir/src/test/protocol/BuildInfo_test.cpp.o
[21/119] Building CXX object CMakeFiles/xrpld.dir/src/test/overlay/tx_reduce_relay_test.cpp.o
[22/119] Building CXX object CMakeFiles/xrpld.dir/src/test/peerfinder/PeerFinder_test.cpp.o
[23/119] Building CXX object CMakeFiles/xrpld.dir/src/test/protocol/Issue_test.cpp.o
[24/119] Building CXX object CMakeFiles/xrpld.dir/src/test/protocol/Hooks_test.cpp.o
[25/119] Building CXX object CMakeFiles/xrpld.dir/src/test/protocol/InnerObjectFormats_test.cpp.o
[26/119] Building CXX object CMakeFiles/xrpld.dir/src/test/protocol/MultiApiJson_test.cpp.o
[27/119] Building CXX object CMakeFiles/xrpld.dir/src/test/protocol/Memo_test.cpp.o
[28/119] Building CXX object CMakeFiles/xrpld.dir/src/test/protocol/PublicKey_test.cpp.o
[29/119] Building CXX object CMakeFiles/xrpld.dir/src/test/protocol/STAccount_test.cpp.o
[30/119] Building CXX object CMakeFiles/xrpld.dir/src/test/protocol/Quality_test.cpp.o
[31/119] Building CXX object CMakeFiles/xrpld.dir/src/test/protocol/STInteger_test.cpp.o
[32/119] Building CXX object CMakeFiles/xrpld.dir/src/test/protocol/STNumber_test.cpp.o
[33/119] Building CXX object CMakeFiles/xrpld.dir/src/test/protocol/STAmount_test.cpp.o
[34/119] Building CXX object CMakeFiles/xrpld.dir/src/test/protocol/STIssue_test.cpp.o
[35/119] Building CXX object CMakeFiles/xrpld.dir/src/test/protocol/STObject_test.cpp.o
[36/119] Building CXX object CMakeFiles/xrpld.dir/src/test/protocol/STParsedJSON_test.cpp.o
[37/119] Building CXX object CMakeFiles/xrpld.dir/src/test/protocol/STTx_test.cpp.o
[38/119] Building CXX object CMakeFiles/xrpld.dir/src/test/protocol/SecretKey_test.cpp.o
[39/119] Building CXX object CMakeFiles/xrpld.dir/src/test/protocol/Seed_test.cpp.o
[40/119] Building CXX object CMakeFiles/xrpld.dir/src/test/protocol/SeqProxy_test.cpp.o
[41/119] Building CXX object CMakeFiles/xrpld.dir/src/test/protocol/STValidation_test.cpp.o
[42/119] Building CXX object CMakeFiles/xrpld.dir/src/test/protocol/TER_test.cpp.o
[43/119] Building CXX object CMakeFiles/xrpld.dir/src/test/protocol/Serializer_test.cpp.o
[44/119] Building CXX object CMakeFiles/xrpld.dir/src/test/resource/Logic_test.cpp.o
[45/119] Building CXX object CMakeFiles/xrpld.dir/src/test/rpc/AMMInfo_test.cpp.o
[46/119] Building CXX object CMakeFiles/xrpld.dir/src/test/rpc/AccountCurrencies_test.cpp.o
[47/119] Building CXX object CMakeFiles/xrpld.dir/src/test/rpc/AccountInfo_test.cpp.o
[48/119] Building CXX object CMakeFiles/xrpld.dir/src/test/rpc/AccountLines_test.cpp.o
[49/119] Building CXX object CMakeFiles/xrpld.dir/src/test/rpc/AccountOffers_test.cpp.o
[50/119] Building CXX object CMakeFiles/xrpld.dir/src/test/rpc/AccountObjects_test.cpp.o
[51/119] Building CXX object CMakeFiles/xrpld.dir/src/test/rpc/AccountSet_test.cpp.o
[52/119] Building CXX object CMakeFiles/xrpld.dir/src/test/rpc/AccountTx_test.cpp.o
[53/119] Building CXX object CMakeFiles/xrpld.dir/src/test/rpc/BookChanges_test.cpp.o
[54/119] Building CXX object CMakeFiles/xrpld.dir/src/test/rpc/AmendmentBlocked_test.cpp.o
[55/119] Building CXX object CMakeFiles/xrpld.dir/src/test/rpc/Book_test.cpp.o
[56/119] Building CXX object CMakeFiles/xrpld.dir/src/test/rpc/Connect_test.cpp.o
[57/119] Building CXX object CMakeFiles/xrpld.dir/src/test/rpc/DeliveredAmount_test.cpp.o
[58/119] Building CXX object CMakeFiles/xrpld.dir/src/test/rpc/DepositAuthorized_test.cpp.o
[59/119] Building CXX object CMakeFiles/xrpld.dir/src/test/rpc/Feature_test.cpp.o
[60/119] Building CXX object CMakeFiles/xrpld.dir/src/test/rpc/GatewayBalances_test.cpp.o
[61/119] Building CXX object CMakeFiles/xrpld.dir/src/test/rpc/GetAggregatePrice_test.cpp.o
[62/119] Building CXX object CMakeFiles/xrpld.dir/src/test/rpc/GetCounts_test.cpp.o
[63/119] Building CXX object CMakeFiles/xrpld.dir/src/test/rpc/Handler_test.cpp.o
[64/119] Building CXX object CMakeFiles/xrpld.dir/src/test/rpc/JSONRPC_test.cpp.o
[65/119] Building CXX object CMakeFiles/xrpld.dir/src/test/rpc/KeyGeneration_test.cpp.o
[66/119] Building CXX object CMakeFiles/xrpld.dir/src/test/rpc/LedgerClosed_test.cpp.o
[67/119] Building CXX object CMakeFiles/xrpld.dir/src/test/rpc/LedgerData_test.cpp.o
[68/119] Building CXX object CMakeFiles/xrpld.dir/src/test/rpc/LedgerHeader_test.cpp.o
[69/119] Building CXX object CMakeFiles/xrpld.dir/src/test/rpc/LedgerEntry_test.cpp.o
[70/119] Building CXX object CMakeFiles/xrpld.dir/src/test/rpc/LedgerRPC_test.cpp.o
[71/119] Building CXX object CMakeFiles/xrpld.dir/src/test/rpc/LedgerRequest_test.cpp.o
[72/119] Building CXX object CMakeFiles/xrpld.dir/src/test/rpc/ManifestRPC_test.cpp.o
[73/119] Building CXX object CMakeFiles/xrpld.dir/src/test/rpc/NoRippleCheck_test.cpp.o
[74/119] Building CXX object CMakeFiles/xrpld.dir/src/test/rpc/NoRipple_test.cpp.o
[75/119] Building CXX object CMakeFiles/xrpld.dir/src/test/rpc/OwnerInfo_test.cpp.o
[76/119] Building CXX object CMakeFiles/xrpld.dir/src/test/rpc/Peers_test.cpp.o
[77/119] Building CXX object CMakeFiles/xrpld.dir/src/test/rpc/RPCCall_test.cpp.o
[78/119] Building CXX object CMakeFiles/xrpld.dir/src/test/rpc/RPCHelpers_test.cpp.o
[79/119] Building CXX object CMakeFiles/xrpld.dir/src/test/rpc/RPCOverload_test.cpp.o
[80/119] Building CXX object CMakeFiles/xrpld.dir/src/test/rpc/RobustTransaction_test.cpp.o
[81/119] Building CXX object CMakeFiles/xrpld.dir/src/test/rpc/Roles_test.cpp.o
[82/119] Building CXX object CMakeFiles/xrpld.dir/src/test/rpc/ServerDefinitions_test.cpp.o
[83/119] Building CXX object CMakeFiles/xrpld.dir/src/test/rpc/Status_test.cpp.o
[84/119] Building CXX object CMakeFiles/xrpld.dir/src/test/rpc/ServerInfo_test.cpp.o
[85/119] Building CXX object CMakeFiles/xrpld.dir/src/test/rpc/Simulate_test.cpp.o
[86/119] Building CXX object CMakeFiles/xrpld.dir/src/test/rpc/TransactionEntry_test.cpp.o
[87/119] Building CXX object CMakeFiles/xrpld.dir/src/test/rpc/Subscribe_test.cpp.o
[88/119] Building CXX object CMakeFiles/xrpld.dir/src/test/rpc/TransactionHistory_test.cpp.o
[89/119] Building CXX object CMakeFiles/xrpld.dir/src/test/rpc/Transaction_test.cpp.o
[90/119] Building CXX object CMakeFiles/xrpld.dir/src/test/rpc/ValidatorInfo_test.cpp.o
[91/119] Building CXX object CMakeFiles/xrpld.dir/src/test/rpc/ValidatorRPC_test.cpp.o
[92/119] Building CXX object CMakeFiles/xrpld.dir/src/test/rpc/Version_test.cpp.o
[93/119] Building CXX object CMakeFiles/xrpld.dir/src/test/shamap/FetchPack_test.cpp.o
[94/119] Building CXX object CMakeFiles/xrpld.dir/src/test/shamap/SHAMapSync_test.cpp.o
[95/119] Building CXX object CMakeFiles/xrpld.dir/src/test/unit_test/multi_runner.cpp.o
[96/119] Building CXX object src/tests/libxrpl/CMakeFiles/xrpl.test.basics.dir/basics/RangeSet.cpp.o
[97/119] Building CXX object CMakeFiles/xrpld.dir/src/test/shamap/SHAMap_test.cpp.o
[98/119] Building CXX object src/tests/libxrpl/CMakeFiles/xrpl.test.basics.dir/basics/Slice.cpp.o
[99/119] Building CXX object src/tests/libxrpl/CMakeFiles/xrpl.test.basics.dir/basics/base64.cpp.o
[100/119] Building CXX object src/tests/libxrpl/CMakeFiles/xrpl.test.basics.dir/basics/contract.cpp.o
[101/119] Building CXX object src/tests/libxrpl/CMakeFiles/xrpl.test.basics.dir/basics/main.cpp.o
[102/119] Building CXX object src/tests/libxrpl/CMakeFiles/xrpl.test.basics.dir/basics/mulDiv.cpp.o
[103/119] Building CXX object src/tests/libxrpl/CMakeFiles/xrpl.test.basics.dir/basics/scope.cpp.o
[104/119] Building CXX object src/tests/libxrpl/CMakeFiles/xrpl.test.basics.dir/basics/tagged_integer.cpp.o
[105/119] Building CXX object src/tests/libxrpl/CMakeFiles/xrpl.test.crypto.dir/crypto/csprng.cpp.o
[106/119] Linking CXX executable src/tests/libxrpl/xrpl.test.basics
[107/119] Building CXX object CMakeFiles/xrpld.dir/src/test/server/ServerStatus_test.cpp.o
[108/119] Building CXX object src/tests/libxrpl/CMakeFiles/xrpl.test.crypto.dir/crypto/main.cpp.o
[109/119] Building CXX object src/tests/libxrpl/CMakeFiles/xrpl.test.json.dir/json/Output.cpp.o
[110/119] Linking CXX executable src/tests/libxrpl/xrpl.test.crypto
[111/119] Building CXX object src/tests/libxrpl/CMakeFiles/xrpl.test.json.dir/json/Writer.cpp.o
[112/119] Building CXX object src/tests/libxrpl/CMakeFiles/xrpl.test.json.dir/json/main.cpp.o
[113/119] Building CXX object src/tests/libxrpl/CMakeFiles/xrpl.test.net.dir/net/main.cpp.o
[114/119] Building CXX object src/tests/libxrpl/CMakeFiles/xrpl.test.json.dir/json/Value.cpp.o
[115/119] Linking CXX executable src/tests/libxrpl/xrpl.test.json
[116/119] Building CXX object src/tests/libxrpl/CMakeFiles/xrpl.test.net.dir/net/HTTPClient.cpp.o
[117/119] Linking CXX executable src/tests/libxrpl/xrpl.test.net
[118/119] Building CXX object CMakeFiles/xrpld.dir/src/test/server/Server_test.cpp.o
ninja: build stopped: interrupted by user.
